
> ems@1.0.0 dev
> nodemon

[33m[nodemon] 3.1.14[39m
[33m[nodemon] reading config .\nodemon.json[39m
[33m[nodemon] to restart at any time, enter `rs`[39m
[33m[nodemon] or send SIGHUP to 5316 to restart[39m
[33m[nodemon] ignoring: src/**/*.spec.ts .\node_modules/**/* .\dist/**/* .\uploads/**/*[39m
[33m[nodemon] watching path(s): src\**\*[39m
[33m[nodemon] watching extensions: ts,json[39m
[32m[nodemon] starting `ts-node src/index.ts`[39m
[33m[nodemon] spawning[39m
[33m[nodemon] child pid: 1412[39m
[33m[nodemon] watching 175 files[39m
RESEND_API_KEY present? true
RESEND_FROM_EMAIL: no-reply@usolarje.com.np
Data Source has been initialized!
prisma:query SELECT "public"."user"."id", "public"."user"."fullName", "public"."user"."email", "public"."user"."password", "public"."user"."phoneNumber", "public"."user"."address", "public"."user"."jobPosition", "public"."user"."joinDate", "public"."user"."createdAt", "public"."user"."homeWorkspaceId", "public"."user"."lastWorkspaceId", "public"."user"."tokenVersion" FROM "public"."user" WHERE ("public"."user"."email" = $1 AND 1=1) LIMIT $2 OFFSET $3
prisma:query SELECT "public"."workspace"."id", "public"."workspace"."name", "public"."workspace"."description", "public"."workspace"."createdAt", "public"."workspace"."address", "public"."workspace"."contact", "public"."workspace"."email", "public"."workspace"."website" FROM "public"."workspace" WHERE "public"."workspace"."name" = $1 LIMIT $2 OFFSET $3
prisma:query SELECT "public"."workspace_membership"."id", "public"."workspace_membership"."role", "public"."workspace_membership"."createdAt", "public"."workspace_membership"."userId", "public"."workspace_membership"."workspaceId" FROM "public"."workspace_membership" WHERE ("public"."workspace_membership"."userId" = $1 AND "public"."workspace_membership"."workspaceId" = $2) LIMIT $3 OFFSET $4
prisma:query SELECT "public"."user"."id", "public"."user"."fullName", "public"."user"."email", "public"."user"."password", "public"."user"."phoneNumber", "public"."user"."address", "public"."user"."jobPosition", "public"."user"."joinDate", "public"."user"."createdAt", "public"."user"."homeWorkspaceId", "public"."user"."lastWorkspaceId", "public"."user"."tokenVersion" FROM "public"."user" WHERE ("public"."user"."email" = $1 AND 1=1) LIMIT $2 OFFSET $3
prisma:query SELECT "public"."workspace"."id", "public"."workspace"."name", "public"."workspace"."description", "public"."workspace"."createdAt", "public"."workspace"."address", "public"."workspace"."contact", "public"."workspace"."email", "public"."workspace"."website" FROM "public"."workspace" WHERE "public"."workspace"."name" = $1 LIMIT $2 OFFSET $3
prisma:query SELECT "public"."workspace_membership"."id", "public"."workspace_membership"."role", "public"."workspace_membership"."createdAt", "public"."workspace_membership"."userId", "public"."workspace_membership"."workspaceId" FROM "public"."workspace_membership" WHERE ("public"."workspace_membership"."userId" = $1 AND "public"."workspace_membership"."workspaceId" = $2) LIMIT $3 OFFSET $4
Starting organization backfill...
prisma:query SELECT "public"."workspace"."id", "public"."workspace"."name", "public"."workspace"."description", "public"."workspace"."createdAt", "public"."workspace"."address", "public"."workspace"."contact", "public"."workspace"."email", "public"."workspace"."website" FROM "public"."workspace" WHERE "public"."workspace"."name" = $1 LIMIT $2 OFFSET $3
Found existing EMS Workspace
prisma:query SELECT "public"."user"."id", "public"."user"."fullName", "public"."user"."email", "public"."user"."password", "public"."user"."phoneNumber", "public"."user"."address", "public"."user"."jobPosition", "public"."user"."joinDate", "public"."user"."createdAt", "public"."user"."homeWorkspaceId", "public"."user"."lastWorkspaceId", "public"."user"."tokenVersion" FROM "public"."user" WHERE 1=1 OFFSET $1
prisma:query SELECT "public"."workspace_membership"."id", "public"."workspace_membership"."role", "public"."workspace_membership"."createdAt", "public"."workspace_membership"."userId", "public"."workspace_membership"."workspaceId" FROM "public"."workspace_membership" WHERE "public"."workspace_membership"."workspaceId" = $1 OFFSET $2
Added 0 users to organization
prisma:query UPDATE "public"."project" SET "workspaceId" = $1 WHERE "public"."project"."workspaceId" IS NULL
prisma:query COMMIT
Backfilled 0 projects
prisma:query UPDATE "public"."task" SET "workspaceId" = $1 WHERE "public"."task"."workspaceId" IS NULL
prisma:query COMMIT
Backfilled 0 tasks
prisma:query UPDATE "public"."project_heading" SET "workspaceId" = $1 WHERE "public"."project_heading"."workspaceId" IS NULL
prisma:query COMMIT
Backfilled 0 project headings
prisma:query UPDATE "public"."project_file" SET "workspaceId" = $1 WHERE "public"."project_file"."workspaceId" IS NULL
prisma:query COMMIT
Backfilled 0 project files
prisma:query UPDATE "public"."announcement" SET "workspaceId" = $1 WHERE "public"."announcement"."workspaceId" IS NULL
prisma:query COMMIT
Backfilled 0 announcements
prisma:query UPDATE "public"."leave_request" SET "workspaceId" = $1 WHERE "public"."leave_request"."workspaceId" IS NULL
prisma:query COMMIT
Backfilled 0 leave requests
prisma:query UPDATE "public"."my_task" SET "workspaceId" = $1 WHERE "public"."my_task"."workspaceId" IS NULL
prisma:query COMMIT
Backfilled 0 my tasks
prisma:query UPDATE "public"."calendar_event" SET "workspaceId" = $1 WHERE "public"."calendar_event"."workspaceId" IS NULL
prisma:query COMMIT
Backfilled 0 calendar events
Organization backfill completed successfully! ✨
prisma:query SELECT "public"."role_permission"."id", "public"."role_permission"."role", "public"."role_permission"."permissionKey", "public"."role_permission"."granted", "public"."role_permission"."createdAt" FROM "public"."role_permission" WHERE 1=1 OFFSET $1
prisma:query DELETE FROM "public"."announcement" WHERE "public"."announcement"."createdAt" < $1
prisma:query DELETE FROM "public"."leave_request" WHERE ("public"."leave_request"."status" IN (CAST($1::text AS "public"."leave_request_status_enum"),CAST($2::text AS "public"."leave_request_status_enum")) AND "public"."leave_request"."approvedAt" < $3)
prisma:query DELETE FROM "public"."site_visit_request" WHERE ("public"."site_visit_request"."status" IN (CAST($1::text AS "public"."site_visit_request_status_enum"),CAST($2::text AS "public"."site_visit_request_status_enum")) AND "public"."site_visit_request"."approvedAt" < $3)
prisma:query DELETE FROM "public"."expense_request" WHERE ("public"."expense_request"."status" IN (CAST($1::text AS "public"."expense_request_status_enum"),CAST($2::text AS "public"."expense_request_status_enum")) AND "public"."expense_request"."approvedAt" < $3)
Uncaught Exception: Error: listen EADDRINUSE: address already in use :::3000
    at Server.setupListenHandle [as _listen2] (node:net:2008:16)
    at listenInCluster (node:net:2065:12)
    at Server.listen (node:net:2170:7)
    at F:\EMS\backend\src\index.ts:279:16
    at processTicksAndRejections (node:internal/process/task_queues:104:5) {
  code: 'EADDRINUSE',
  errno: -4091,
  syscall: 'listen',
  address: '::',
  port: 3000
}
[33m[nodemon] files triggering change check: src\generated\prisma\commonInputTypes.ts[39m
[33m[nodemon] matched rule: F:\EMS\backend\src/**/*[39m
[33m[nodemon] changes after filters (before/after): 1/1[39m
[32m[nodemon] restarting due to changes...[39m
[33m[nodemon] src\generated\prisma\commonInputTypes.ts[39m

[33m[nodemon] files triggering change check: src\generated\prisma\internal\class.ts[39m
[33m[nodemon] matched rule: F:\EMS\backend\src/**/*[39m
[33m[nodemon] changes after filters (before/after): 1/1[39m
[32m[nodemon] restarting due to changes...[39m
[33m[nodemon] src\generated\prisma\internal\class.ts[39m

[33m[nodemon] files triggering change check: src\generated\prisma\models\Activity.ts[39m
[33m[nodemon] matched rule: F:\EMS\backend\src/**/*[39m
[33m[nodemon] changes after filters (before/after): 1/1[39m
[32m[nodemon] restarting due to changes...[39m
[33m[nodemon] src\generated\prisma\models\Activity.ts[39m

[33m[nodemon] files triggering change check: src\generated\prisma\browser.ts[39m
[33m[nodemon] matched rule: F:\EMS\backend\src/**/*[39m
[33m[nodemon] changes after filters (before/after): 1/1[39m
[32m[nodemon] restarting due to changes...[39m
[33m[nodemon] src\generated\prisma\browser.ts[39m

[33m[nodemon] files triggering change check: src\generated\prisma\commonInputTypes.ts[39m
[33m[nodemon] matched rule: F:\EMS\backend\src/**/*[39m
[33m[nodemon] changes after filters (before/after): 1/1[39m
[32m[nodemon] restarting due to changes...[39m
[33m[nodemon] src\generated\prisma\commonInputTypes.ts[39m

[33m[nodemon] files triggering change check: src\generated\prisma\enums.ts[39m
[33m[nodemon] matched rule: F:\EMS\backend\src/**/*[39m
[33m[nodemon] changes after filters (before/after): 1/1[39m
[32m[nodemon] restarting due to changes...[39m
[33m[nodemon] src\generated\prisma\enums.ts[39m

[33m[nodemon] files triggering change check: src\generated\prisma\client.ts[39m
[33m[nodemon] matched rule: F:\EMS\backend\src/**/*[39m
[33m[nodemon] changes after filters (before/after): 1/1[39m
[32m[nodemon] restarting due to changes...[39m
[33m[nodemon] src\generated\prisma\client.ts[39m

[33m[nodemon] files triggering change check: src\generated\prisma\models.ts[39m
[33m[nodemon] matched rule: F:\EMS\backend\src/**/*[39m
[33m[nodemon] changes after filters (before/after): 1/1[39m
[32m[nodemon] restarting due to changes...[39m
[33m[nodemon] src\generated\prisma\models.ts[39m

[33m[nodemon] files triggering change check: src\generated\prisma\models\Activity.ts[39m
[33m[nodemon] matched rule: F:\EMS\backend\src/**/*[39m
[33m[nodemon] changes after filters (before/after): 1/1[39m
[32m[nodemon] restarting due to changes...[39m
[33m[nodemon] src\generated\prisma\models\Activity.ts[39m

[33m[nodemon] files triggering change check: src\generated\prisma\models\Announcement.ts[39m
[33m[nodemon] matched rule: F:\EMS\backend\src/**/*[39m
[33m[nodemon] changes after filters (before/after): 1/1[39m
[32m[nodemon] restarting due to changes...[39m
[33m[nodemon] src\generated\prisma\models\Announcement.ts[39m

[33m[nodemon] files triggering change check: src\generated\prisma\models\CalendarEvent.ts[39m
[33m[nodemon] matched rule: F:\EMS\backend\src/**/*[39m
[33m[nodemon] changes after filters (before/after): 1/1[39m
[32m[nodemon] restarting due to changes...[39m
[33m[nodemon] src\generated\prisma\models\CalendarEvent.ts[39m

[33m[nodemon] files triggering change check: src\generated\prisma\models\CatalogItem.ts[39m
[33m[nodemon] matched rule: F:\EMS\backend\src/**/*[39m
[33m[nodemon] changes after filters (before/after): 1/1[39m
[32m[nodemon] restarting due to changes...[39m
[33m[nodemon] src\generated\prisma\models\CatalogItem.ts[39m

[33m[nodemon] files triggering change check: src\generated\prisma\models\Customs.ts[39m
[33m[nodemon] matched rule: F:\EMS\backend\src/**/*[39m
[33m[nodemon] changes after filters (before/after): 1/1[39m
[32m[nodemon] restarting due to changes...[39m
[33m[nodemon] src\generated\prisma\models\Customs.ts[39m

[33m[nodemon] files triggering change check: src\generated\prisma\models\CustomsDocument.ts[39m
[33m[nodemon] matched rule: F:\EMS\backend\src/**/*[39m
[33m[nodemon] changes after filters (before/after): 1/1[39m
[32m[nodemon] restarting due to changes...[39m
[33m[nodemon] src\generated\prisma\models\CustomsDocument.ts[39m

[33m[nodemon] files triggering change check: src\generated\prisma\models\ExpenseRequest.ts[39m
[33m[nodemon] matched rule: F:\EMS\backend\src/**/*[39m
[33m[nodemon] changes after filters (before/after): 1/1[39m
[32m[nodemon] restarting due to changes...[39m
[33m[nodemon] src\generated\prisma\models\ExpenseRequest.ts[39m

[33m[nodemon] files triggering change check: src\generated\prisma\models\FileAccess.ts[39m
[33m[nodemon] matched rule: F:\EMS\backend\src/**/*[39m
[33m[nodemon] changes after filters (before/after): 1/1[39m
[32m[nodemon] restarting due to changes...[39m
[33m[nodemon] src\generated\prisma\models\FileAccess.ts[39m

[33m[nodemon] files triggering change check: src\generated\prisma\models\GoodsReceipt.ts[39m
[33m[nodemon] matched rule: F:\EMS\backend\src/**/*[39m
[33m[nodemon] changes after filters (before/after): 1/1[39m
[32m[nodemon] restarting due to changes...[39m
[33m[nodemon] src\generated\prisma\models\GoodsReceipt.ts[39m

[33m[nodemon] files triggering change check: src\generated\prisma\models\GoodsReceiptItem.ts[39m
[33m[nodemon] matched rule: F:\EMS\backend\src/**/*[39m
[33m[nodemon] changes after filters (before/after): 1/1[39m
[32m[nodemon] restarting due to changes...[39m
[33m[nodemon] src\generated\prisma\models\GoodsReceiptItem.ts[39m

[33m[nodemon] files triggering change check: src\generated\prisma\models\GoodsReceiptPhoto.ts[39m
[33m[nodemon] matched rule: F:\EMS\backend\src/**/*[39m
[33m[nodemon] changes after filters (before/after): 1/1[39m
[32m[nodemon] restarting due to changes...[39m
[33m[nodemon] src\generated\prisma\models\GoodsReceiptPhoto.ts[39m

[33m[nodemon] files triggering change check: src\generated\prisma\models\HierarchyNode.ts[39m
[33m[nodemon] matched rule: F:\EMS\backend\src/**/*[39m
[33m[nodemon] changes after filters (before/after): 1/1[39m
[32m[nodemon] restarting due to changes...[39m
[33m[nodemon] src\generated\prisma\models\HierarchyNode.ts[39m

[33m[nodemon] files triggering change check: src\generated\prisma\models\HierarchyNodeSecondaryManager.ts[39m
[33m[nodemon] matched rule: F:\EMS\backend\src/**/*[39m
[33m[nodemon] changes after filters (before/after): 1/1[39m
[32m[nodemon] restarting due to changes...[39m
[33m[nodemon] src\generated\prisma\models\HierarchyNodeSecondaryManager.ts[39m

[33m[nodemon] files triggering change check: src\generated\prisma\models\Insurance.ts[39m
[33m[nodemon] matched rule: F:\EMS\backend\src/**/*[39m
[33m[nodemon] changes after filters (before/after): 1/1[39m
[32m[nodemon] restarting due to changes...[39m
[33m[nodemon] src\generated\prisma\models\Insurance.ts[39m

[33m[nodemon] files triggering change check: src\generated\prisma\models\InventoryAttachment.ts[39m
[33m[nodemon] matched rule: F:\EMS\backend\src/**/*[39m
[33m[nodemon] changes after filters (before/after): 1/1[39m
[32m[nodemon] restarting due to changes...[39m
[33m[nodemon] src\generated\prisma\models\InventoryAttachment.ts[39m

[33m[nodemon] files triggering change check: src\generated\prisma\models\InventoryBatch.ts[39m
[33m[nodemon] matched rule: F:\EMS\backend\src/**/*[39m
[33m[nodemon] changes after filters (before/after): 1/1[39m
[32m[nodemon] restarting due to changes...[39m
[33m[nodemon] src\generated\prisma\models\InventoryBatch.ts[39m

[33m[nodemon] files triggering change check: src\generated\prisma\models\InventoryItem.ts[39m
[33m[nodemon] matched rule: F:\EMS\backend\src/**/*[39m
[33m[nodemon] changes after filters (before/after): 1/1[39m
[32m[nodemon] restarting due to changes...[39m
[33m[nodemon] src\generated\prisma\models\InventoryItem.ts[39m

[33m[nodemon] files triggering change check: src\generated\prisma\models\InventorySerial.ts[39m
[33m[nodemon] matched rule: F:\EMS\backend\src/**/*[39m
[33m[nodemon] changes after filters (before/after): 1/1[39m
[32m[nodemon] restarting due to changes...[39m
[33m[nodemon] src\generated\prisma\models\InventorySerial.ts[39m

[33m[nodemon] files triggering change check: src\generated\prisma\models\InventoryTransaction.ts[39m
[33m[nodemon] matched rule: F:\EMS\backend\src/**/*[39m
[33m[nodemon] changes after filters (before/after): 1/1[39m
[32m[nodemon] restarting due to changes...[39m
[33m[nodemon] src\generated\prisma\models\InventoryTransaction.ts[39m

[33m[nodemon] files triggering change check: src\[33m[nodemon] files triggering change check: src\generated\prisma\browser.ts[39m
[33m[nodemon] matched rule: F:\EMS\backend\src/**/*[39m
[33m[nodemon] changes after filters (before/after): 1/1[39m
[32m[nodemon] restarting due to changes...[39m
[33m[nodemon] src\generated\prisma\browser.ts[39m

[33m[nodemon] files triggering change check: src\generated\prisma\commonInputTypes.ts[39m
[33m[nodemon] matched rule: F:\EMS\backend\src/**/*[39m
[33m[nodemon] changes after filters (before/after): 1/1[39m
[32m[nodemon] restarting due to changes...[39m
[33m[nodemon] src\generated\prisma\commonInputTypes.ts[39m

[33m[nodemon] files triggering change check: src\generated\prisma\enums.ts[39m
[33m[nodemon] matched rule: F:\EMS\backend\src/**/*[39m
[33m[nodemon] changes after filters (before/after): 1/1[39m
[32m[nodemon] restarting due to changes...[39m
[33m[nodemon] src\generated\prisma\enums.ts[39m

[33m[nodemon] files triggering change check: src\generated\prisma\client.ts[39m
[33m[nodemon] matched rule: F:\EMS\backend\src/**/*[39m
[33m[nodemon] changes after filters (before/after): 1/1[39m
[32m[nodemon] restarting due to changes...[39m
[33m[nodemon] src\generated\prisma\client.ts[39m

[33m[nodemon] files triggering change check: src\generated\prisma\models.ts[39m
[33m[nodemon] matched rule: F:\EMS\backend\src/**/*[39m
[33m[nodemon] changes after filters (before/after): 1/1[39m
[32m[nodemon] restarting due to changes...[39m
[33m[nodemon] src\generated\prisma\models.ts[39m

[33m[nodemon] files triggering change check: src\controllers\ProjectFileController.ts[39m
[33m[nodemon] matched rule: F:\EMS\backend\src/**/*[39m
[33m[nodemon] changes after filters (before/after): 1/1[39m
[32m[nodemon] restarting due to changes...[39m
[33m[nodemon] src\controllers\ProjectFileController.ts[39m

[32m[nodemon] starting `ts-node src/index.ts`[39m
[33m[nodemon] spawning[39m
[33m[nodemon] child pid: 14296[39m
RESEND_API_KEY present? true
RESEND_FROM_EMAIL: no-reply@usolarje.com.np
Data Source has been initialized!
prisma:query SELECT "public"."user"."id", "public"."user"."fullName", "public"."user"."email", "public"."user"."password", "public"."user"."phoneNumber", "public"."user"."address", "public"."user"."jobPosition", "public"."user"."joinDate", "public"."user"."createdAt", "public"."user"."homeWorkspaceId", "public"."user"."lastWorkspaceId", "public"."user"."tokenVersion" FROM "public"."user" WHERE ("public"."user"."email" = $1 AND 1=1) LIMIT $2 OFFSET $3
prisma:query SELECT "public"."workspace"."id", "public"."workspace"."name", "public"."workspace"."description", "public"."workspace"."createdAt", "public"."workspace"."address", "public"."workspace"."contact", "public"."workspace"."email", "public"."workspace"."website" FROM "public"."workspace" WHERE "public"."workspace"."name" = $1 LIMIT $2 OFFSET $3
prisma:query SELECT "public"."workspace_membership"."id", "public"."workspace_membership"."role", "public"."workspace_membership"."createdAt", "public"."workspace_membership"."userId", "public"."workspace_membership"."workspaceId" FROM "public"."workspace_membership" WHERE ("public"."workspace_membership"."userId" = $1 AND "public"."workspace_membership"."workspaceId" = $2) LIMIT $3 OFFSET $4
prisma:query SELECT "public"."user"."id", "public"."user"."fullName", "public"."user"."email", "public"."user"."password", "public"."user"."phoneNumber", "public"."user"."address", "public"."user"."jobPosition", "public"."user"."joinDate", "public"."user"."createdAt", "public"."user"."homeWorkspaceId", "public"."user"."lastWorkspaceId", "public"."user"."tokenVersion" FROM "public"."user" WHERE ("public"."user"."email" = $1 AND 1=1) LIMIT $2 OFFSET $3
prisma:query SELECT "public"."workspace"."id", "public"."workspace"."name", "public"."workspace"."description", "public"."workspace"."createdAt", "public"."workspace"."address", "public"."workspace"."contact", "public"."workspace"."email", "public"."workspace"."website" FROM "public"."workspace" WHERE "public"."workspace"."name" = $1 LIMIT $2 OFFSET $3
prisma:query SELECT "public"."workspace_membership"."id", "public"."workspace_membership"."role", "public"."workspace_membership"."createdAt", "public"."workspace_membership"."userId", "public"."workspace_membership"."workspaceId" FROM "public"."workspace_membership" WHERE ("public"."workspace_membership"."userId" = $1 AND "public"."workspace_membership"."workspaceId" = $2) LIMIT $3 OFFSET $4
Starting organization backfill...
prisma:query SELECT "public"."workspace"."id", "public"."workspace"."name", "public"."workspace"."description", "public"."workspace"."createdAt", "public"."workspace"."address", "public"."workspace"."contact", "public"."workspace"."email", "public"."workspace"."website" FROM "public"."workspace" WHERE "public"."workspace"."name" = $1 LIMIT $2 OFFSET $3
Found existing EMS Workspace
prisma:query SELECT "public"."user"."id", "public"."user"."fullName", "public"."user"."email", "public"."user"."password", "public"."user"."phoneNumber", "public"."user"."address", "public"."user"."jobPosition", "public"."user"."joinDate", "public"."user"."createdAt", "public"."user"."homeWorkspaceId", "public"."user"."lastWorkspaceId", "public"."user"."tokenVersion" FROM "public"."user" WHERE 1=1 OFFSET $1
prisma:query SELECT "public"."workspace_membership"."id", "public"."workspace_membership"."role", "public"."workspace_membership"."createdAt", "public"."workspace_membership"."userId", "public"."workspace_membership"."workspaceId" FROM "public"."workspace_membership" WHERE "public"."workspace_membership"."workspaceId" = $1 OFFSET $2
Added 0 users to organization
prisma:query UPDATE "public"."project" SET "workspaceId" = $1 WHERE "public"."project"."workspaceId" IS NULL
prisma:query COMMIT
Backfilled 0 projects
prisma:query UPDATE "public"."task" SET "workspaceId" = $1 WHERE "public"."task"."workspaceId" IS NULL
prisma:query COMMIT
Backfilled 0 tasks
prisma:query UPDATE "public"."project_heading" SET "workspaceId" = $1 WHERE "public"."project_heading"."workspaceId" IS NULL
prisma:query COMMIT
Backfilled 0 project headings
prisma:query UPDATE "public"."project_file" SET "workspaceId" = $1 WHERE "public"."project_file"."workspaceId" IS NULL
prisma:query COMMIT
Backfilled 0 project files
prisma:query UPDATE "public"."announcement" SET "workspaceId" = $1 WHERE "public"."announcement"."workspaceId" IS NULL
prisma:query COMMIT
Backfilled 0 announcements
prisma:query UPDATE "public"."leave_request" SET "workspaceId" = $1 WHERE "public"."leave_request"."workspaceId" IS NULL
prisma:query COMMIT
Backfilled 0 leave requests
prisma:query UPDATE "public"."my_task" SET "workspaceId" = $1 WHERE "public"."my_task"."workspaceId" IS NULL
prisma:query COMMIT
Backfilled 0 my tasks
prisma:query UPDATE "public"."calendar_event" SET "workspaceId" = $1 WHERE "public"."calendar_event"."workspaceId" IS NULL
prisma:query COMMIT
Backfilled 0 calendar events
Organization backfill completed successfully! ✨
prisma:query SELECT "public"."role_permission"."id", "public"."role_permission"."role", "public"."role_permission"."permissionKey", "public"."role_permission"."granted", "public"."role_permission"."createdAt" FROM "public"."role_permission" WHERE 1=1 OFFSET $1
prisma:query DELETE FROM "public"."announcement" WHERE "public"."announcement"."createdAt" < $1
prisma:query DELETE FROM "public"."leave_request" WHERE ("public"."leave_request"."status" IN (CAST($1::text AS "public"."leave_request_status_enum"),CAST($2::text AS "public"."leave_request_status_enum")) AND "public"."leave_request"."approvedAt" < $3)
prisma:query DELETE FROM "public"."site_visit_request" WHERE ("public"."site_visit_request"."status" IN (CAST($1::text AS "public"."site_visit_request_status_enum"),CAST($2::text AS "public"."site_visit_request_status_enum")) AND "public"."site_visit_request"."approvedAt" < $3)
prisma:query DELETE FROM "public"."expense_request" WHERE ("public"."expense_request"."status" IN (CAST($1::text AS "public"."expense_request_status_enum"),CAST($2::text AS "public"."expense_request_status_enum")) AND "public"."expense_request"."approvedAt" < $3)
Uncaught Exception: Error: listen EADDRINUSE: address already in use :::3000
    at Server.setupListenHandle [as _listen2] (node:net:2008:16)
    at listenInCluster (node:net:2065:12)
    at Server.listen (node:net:2170:7)
    at F:\EMS\backend\src\index.ts:279:16
    at processTicksAndRejections (node:internal/process/task_queues:104:5) {
  code: 'EADDRINUSE',
  errno: -4091,
  syscall: 'listen',
  address: '::',
  port: 3000
}
[31m[nodemon] app crashed - waiting for file changes before starting...[39m
equestAttachment.ts[39m

[33m[nodemon] files triggering change check: src\generated\prisma\models\PurchaseRequestItem.ts[39m
[33m[nodemon] matched rule: F:\EMS\backend\src/**/*[39m
[33m[nodemon] changes after filters (before/after): 1/1[39m
[32m[nodemon] restarting due to changes...[39m
[33m[nodemon] src\generated\prisma\models\PurchaseRequestItem.ts[39m

[33m[nodemon] files triggering change check: src\generated\prisma\models\PurchaseRequestStatusHistory.ts[39m
[33m[nodemon] matched rule: F:\EMS\backend\src/**/*[39m
[33m[nodemon] changes after filters (before/after): 1/1[39m
[32m[nodemon] restarting due to changes...[39m
[33m[nodemon] src\generated\prisma\models\PurchaseRequestStatusHistory.ts[39m

[33m[nodemon] files triggering change check: src\generated\prisma\models\ReportActivity.ts[39m
[33m[nodemon] matched rule: F:\EMS\backend\src/**/*[39m
[33m[nodemon] changes after filters (before/after): 1/1[39m
[32m[nodemon] restarting due to changes...[39m
[33m[nodemon] src\generated\prisma\models\ReportActivity.ts[39m

[33m[nodemon] files triggering change check: src\generated\prisma\models\ReportComment.ts[39m
[33m[nodemon] matched rule: F:\EMS\backend\src/**/*[39m
[33m[nodemon] changes after filters (before/after): 1/1[39m
[32m[nodemon] restarting due to changes...[39m
[33m[nodemon] src\generated\prisma\models\ReportComment.ts[39m

[33m[nodemon] files triggering change check: src\generated\prisma\models\RolePermission.ts[39m
[33m[nodemon] matched rule: F:\EMS\backend\src/**/*[39m
[33m[nodemon] changes after filters (before/after): 1/1[39m
[32m[nodemon] restarting due to changes...[39m
[33m[nodemon] src\generated\prisma\models\RolePermission.ts[39m

[33m[nodemon] files triggering change check: src\generated\prisma\models\ScheduleTask.ts[39m
[33m[nodemon] matched rule: F:\EMS\backend\src/**/*[39m
[33m[nodemon] changes after filters (before/after): 1/1[39m
[32m[nodemon] restarting due to changes...[39m
[33m[nodemon] src\generated\prisma\models\ScheduleTask.ts[39m

[33m[nodemon] files triggering change check: src\generated\prisma\models\ScheduleTaskLink.ts[39m
[33m[nodemon] matched rule: F:\EMS\backend\src/**/*[39m
[33m[nodemon] changes after filters (before/after): 1/1[39m
[32m[nodemon] restarting due to changes...[39m
[33m[nodemon] src\generated\prisma\models\ScheduleTaskLink.ts[39m

[33m[nodemon] files triggering change check: src\generated\prisma\models\Shipment.ts[39m
[33m[nodemon] matched rule: F:\EMS\backend\src/**/*[39m
[33m[nodemon] changes after filters (before/after): 1/1[39m
[32m[nodemon] restarting due to changes...[39m
[33m[nodemon] src\generated\prisma\models\Shipment.ts[39m

[33m[nodemon] files triggering change check: src\generated\prisma\models\SiteVisitRequest.ts[39m
[33m[nodemon] matched rule: F:\EMS\backend\src/**/*[39m
[33m[nodemon] changes after filters (before/after): 1/1[39m
[32m[nodemon] restarting due to changes...[39m
[33m[nodemon] src\generated\prisma\models\SiteVisitRequest.ts[39m

[33m[nodemon] files triggering change check: src\generated\prisma\models\StockTransfer.ts[39m
[33m[nodemon] matched rule: F:\EMS\backend\src/**/*[39m
[33m[nodemon] changes after filters (before/after): 1/1[39m
[32m[nodemon] restarting due to changes...[39m
[33m[nodemon] src\generated\prisma\models\StockTransfer.ts[39m

[33m[nodemon] files triggering change check: src\generated\prisma\models\SubTask.ts[39m
[33m[nodemon] matched rule: F:\EMS\backend\src/**/*[39m
[33m[nodemon] changes after filters (before/after): 1/1[39m
[32m[nodemon] restarting due to changes...[39m
[33m[nodemon] src\generated\prisma\models\SubTask.ts[39m

[33m[nodemon] files triggering change check: src\generated\prisma\models\SubTaskComment.ts[39m
[33m[nodemon] matched rule: F:\EMS\backend\src/**/*[39m
[33m[nodemon] changes after filters (before/after): 1/1[39m
[32m[nodemon] restarting due to changes...[39m
[33m[nodemon] src\generated\prisma\models\SubTaskComment.ts[39m

[33m[nodemon] files triggering change check: src\generated\prisma\models\Task.ts[39m
[33m[nodemon] matched rule: F:\EMS\backend\src/**/*[39m
[33m[nodemon] changes after filters (before/after): 1/1[39m
[32m[nodemon] restarting due to changes...[39m
[33m[nodemon] src\generated\prisma\models\Task.ts[39m

[33m[nodemon] files triggering change check: src\generated\prisma\models\TaskAssignee.ts[39m
[33m[nodemon] matched rule: F:\EMS\backend\src/**/*[39m
[33m[nodemon] changes after filters (before/after): 1/1[39m
[32m[nodemon] restarting due to changes...[39m
[33m[nodemon] src\generated\prisma\models\TaskAssignee.ts[39m

[33m[nodemon] files triggering change check: src\generated\prisma\models\TaskComment.ts[39m
[33m[nodemon] matched rule: F:\EMS\backend\src/**/*[39m
[33m[nodemon] changes after filters (before/after): 1/1[39m
[32m[nodemon] restarting due to changes...[39m
[33m[nodemon] src\generated\prisma\models\TaskComment.ts[39m

[33m[nodemon] files triggering change check: src\generated\prisma\models\TaskLink.ts[39m
[33m[nodemon] matched rule: F:\EMS\backend\src/**/*[39m
[33m[nodemon] changes after filters (before/after): 1/1[39m
[32m[nodemon] restarting due to changes...[39m
[33m[nodemon] src\generated\prisma\models\TaskLink.ts[39m

[33m[nodemon] files triggering change check: src\generated\prisma\models\User.ts[39m
[33m[nodemon] matched rule: F:\EMS\backend\src/**/*[39m
[33m[nodemon] changes after filters (before/after): 1/1[39m
[32m[nodemon] restarting due to changes...[39m
[33m[nodemon] src\generated\prisma\models\User.ts[39m

[33m[nodemon] files triggering change check: src\generated\prisma\models\Vendor.ts[39m
[33m[nodemon] matched rule: F:\EMS\backend\src/**/*[39m
[33m[nodemon] changes after filters (before/after): 1/1[39m
[32m[nodemon] restarting due to changes...[39m
[33m[nodemon] src\generated\prisma\models\Vendor.ts[39m

[33m[nodemon] files triggering change check: src\generated\prisma\models\VendorQuote.ts[39m
[33m[nodemon] matched rule: F:\EMS\backend\src/**/*[39m
[33m[nodemon] changes after filters (before/after): 1/1[39m
[32m[nodemon] restarting due to changes...[39m
[33m[nodemon] src\generated\prisma\models\VendorQuote.ts[39m

[33m[nodemon] files triggering change check: src\generated\prisma\models\Warehouse.ts[39m
[33m[nodemon] matched rule: F:\EMS\backend\src/**/*[39m
[33m[nodemon] changes after filters (before/after): 1/1[39m
[32m[nodemon] restarting due to changes...[39m
[33m[nodemon] src\generated\prisma\models\Warehouse.ts[39m

[33m[nodemon] files triggering change check: src\generated\prisma\models.ts[39m
[33m[nodemon] matched rule: F:\EMS\backend\src/**/*[39m
[33m[nodemon] changes after filters (before/after): 1/1[39m
[32m[nodemon] restarting due to changes...[39m
[33m[nodemon] src\generated\prisma\models.ts[39m

[32m[nodemon] starting `ts-node src/index.ts`[39m
[33m[nodemon] spawning[39m
[33m[nodemon] child pid: 23836[39m
[33m[nodemon] files triggering change check: src\generated\prisma\models\Activity.ts[39m
[33m[nodemon] matched rule: F:\EMS\backend\src/**/*[39m
[33m[nodemon] changes after filters (before/after): 1/1[39m
[32m[nodemon] restarting due to changes...[39m
[33m[nodemon] src\generated\prisma\models\Activity.ts[39m

[33m[nodemon] files triggering change check: src\generated\prisma\models\Announcement.ts[39m
[33m[nodemon] matched rule: F:\EMS\backend\src/**/*[39m
[33m[nodemon] changes after filters (before/after): 1/1[39m
[32m[nodemon] restarting due to changes...[39m
[33m[nodemon] src\generated\prisma\models\Announcement.ts[39m

[33m[nodemon] files triggering change check: src\generated\prisma\models\CalendarEvent.ts[39m
[33m[nodemon] matched rule: F:\EMS\backend\src/**/*[39m
[33m[nodemon] changes after filters (before/after): 1/1[39m
[32m[nodemon] restarting due to changes...[39m
[33m[nodemon] src\generated\prisma\models\CalendarEvent.ts[39m

[33m[nodemon] files triggering change check: src\generated\prisma\models\CatalogItem.ts[39m
[33m[nodemon] matched rule: F:\EMS\backend\src/**/*[39m
[33m[nodemon] changes after filters (before/after): 1/1[39m
[32m[nodemon] restarting due to changes...[39m
[33m[nodemon] src\generated\prisma\models\CatalogItem.ts[39m

[33m[nodemon] files triggering change check: src\generated\prisma\models\Customs.ts[39m
[33m[nodemon] matched rule: F:\EMS\backend\src/**/*[39m
[33m[nodemon] changes after filters (before/after): 1/1[39m
[32m[nodemon] restarting due to changes...[39m
[33m[nodemon] src\generated\prisma\models\Customs.ts[39m

[33m[nodemon] files triggering change check: src\generated\prisma\models\CustomsDocument.ts[39m
[33m[nodemon] matched rule: F:\EMS\backend\src/**/*[39m
[33m[nodemon] changes after filters (before/after): 1/1[39m
[32m[nodemon] restarting due to changes...[39m
[33m[nodemon] src\generated\prisma\models\CustomsDocument.ts[39m

[33m[nodemon] files triggering change check: src\generated\prisma\models\ExpenseRequest.ts[39m
[33m[nodemon] matched rule: F:\EMS\backend\src/**/*[39m
[33m[nodemon] changes after filters (before/after): 1/1[39m
[32m[nodemon] restarting due to changes...[39m
[33m[nodemon] src\generated\prisma\models\ExpenseRequest.ts[39m

[33m[nodemon] files triggering change check: src\generated\prisma\models\FileAccess.ts[39m
[33m[nodemon] matched rule: F:\EMS\backend\src/**/*[39m
[33m[nodemon] changes after filters (before/after): 1/1[39m
[32m[nodemon] restarting due to changes...[39m
[33m[nodemon] src\generated\prisma\models\FileAccess.ts[39m

[33m[nodemon] files triggering change check: src\generated\prisma\models\GoodsReceipt.ts[39m
[33m[nodemon] matched rule: F:\EMS\backend\src/**/*[39m
[33m[nodemon] changes after filters (before/after): 1/1[39m
[32m[nodemon] restarting due to changes...[39m
[33m[nodemon] src\generated\prisma\models\GoodsReceipt.ts[39m

[33m[nodemon] files triggering change check: src\generated\prisma\models\GoodsReceiptItem.ts[39m
[33m[nodemon] matched rule: F:\EMS\backend\src/**/*[39m
[33m[nodemon] changes after filters (before/after): 1/1[39m
[32m[nodemon] restarting due to changes...[39m
[33m[nodemon] src\generated\prisma\models\GoodsReceiptItem.ts[39m

[33m[nodemon] files triggering change check: src\generated\prisma\models\GoodsReceiptPhoto.ts[39m
[33m[nodemon] matched rule: F:\EMS\backend\src/**/*[39m
[33m[nodemon] changes after filters (before/after): 1/1[39m
[32m[nodemon] restarting due to changes...[39m
[33m[nodemon] src\generated\prisma\models\GoodsReceiptPhoto.ts[39m

[33m[nodemon] files triggering change check: src\generated\prisma\models\HierarchyNode.ts[39m
[33m[nodemon] matched rule: F:\EMS\backend\src/**/*[39m
[33m[nodemon] changes after filters (before/after): 1/1[39m
[32m[nodemon] restarting due to changes...[39m
[33m[nodemon] src\generated\prisma\models\HierarchyNode.ts[39m

[33m[nodemon] files triggering change check: src\generated\prisma\models\HierarchyNodeSecondaryManager.ts[39m
[33m[nodemon] matched rule: F:\EMS\backend\src/**/*[39m
[33m[nodemon] changes after filters (before/after): 1/1[39m
[32m[nodemon] restarting due to changes...[39m
[33m[nodemon] src\generated\prisma\models\HierarchyNodeSecondaryManager.ts[39m

[33m[nodemon] files triggering change check: src\generated\prisma\models\Insurance.ts[39m
[33m[nodemon] matched rule: F:\EMS\backend\src/**/*[39m
[33m[nodemon] changes after filters (before/after): 1/1[39m
[32m[nodemon] restarting due to changes...[39m
[33m[nodemon] src\generated\prisma\models\Insurance.ts[39m

[33m[nodemon] files triggering change check: src\generated\prisma\models\InventoryAttachment.ts[39m
[33m[nodemon] matched rule: F:\EMS\backend\src/**/*[39m
[33m[nodemon] changes after filters (before/after): 1/1[39m
[32m[nodemon] restarting due to changes...[39m
[33m[nodemon] src\generated\prisma\models\InventoryAttachment.ts[39m

[33m[nodemon] files triggering change check: src\generated\prisma\models\InventoryBatch.ts[39m
[33m[nodemon] matched rule: F:\EMS\backend\src/**/*[39m
[33m[nodemon] changes after filters (before/after): 1/1[39m
[32m[nodemon] restarting due to changes...[39m
[33m[nodemon] src\generated\prisma\models\InventoryBatch.ts[39m

[33m[nodemon] files triggering change check: src\generated\prisma\models\InventoryItem.ts[39m
[33m[nodemon] matched rule: F:\EMS\backend\src/**/*[39m
[33m[nodemon] changes after filters (before/after): 1/1[39m
[32m[nodemon] restarting due to changes...[39m
[33m[nodemon] src\generated\prisma\models\InventoryItem.ts[39m

[33m[nodemon] files triggering change check: src\generated\prisma\models\InventorySerial.ts[39m
[33m[nodemon] matched rule: F:\EMS\backend\src/**/*[39m
[33m[nodemon] changes after filters (before/after): 1/1[39m
[32m[nodemon] restarting due to changes...[39m
[33m[nodemon] src\generated\prisma\models\InventorySerial.ts[39m

[33m[nodemon] files triggering change check: src\generated\prisma\models\InventoryTransaction.ts[39m
[33m[nodemon] matched rule: F:\EMS\backend\src/**/*[39m
[33m[nodemon] changes after filters (before/after): 1/1[39m
[32m[nodemon] restarting due to changes...[39m
[33m[nodemon] src\generated\prisma\models\InventoryTransaction.ts[39m

[33m[nodemon] files triggering change check: src\generated\prisma\models\LeaveRequest.ts[39m
[33m[nodemon] matched rule: F:\EMS\backend\src/**/*[39m
[33m[nodemon] changes after filters (before/after): 1/1[39m
[32m[nodemon] restarting due to changes...[39m
[33m[nodemon] src\generated\prisma\models\LeaveRequest.ts[39m

[33m[nodemon] files triggering change check: src\generated\prisma\models\MonthlyPerformance.ts[39m
[33m[nodemon] matched rule: F:\EMS\backend\src/**/*[39m
[33m[nodemon] changes after filters (before/after): 1/1[39m
[32m[nodemon] restarting due to changes...[39m
[33m[nodemon] src\generated\prisma\models\MonthlyPerformance.ts[39m

[33m[nodemon] files triggering change check: src\generated\prisma\models\MyTask.ts[39m
[33m[nodemon] matched rule: F:\EMS\backend\src/**/*[39m
[33m[nodemon] changes after filters (before/after): 1/1[39m
[32m[nodemon] restarting due to changes...[39m
[33m[nodemon] src\generated\prisma\models\MyTask.ts[39m

[33m[nodemon] files triggering change check: src\generated\prisma\models\Notification.ts[39m
[33m[nodemon] matched rule: F:\EMS\backend\src/**/*[39m
[33m[nodemon] changes after filters (before/after): 1/1[39m
[32m[nodemon] restarting due to changes...[39m
[33m[nodemon] src\generated\prisma\models\Notification.ts[39m

[33m[nodemon] files triggering change check: src\generated\prisma\models\Organization.ts[39m
[33m[nodemon] matched rule: F:\EMS\backend\src/**/*[39m
[33m[nodemon] changes after filters (before/after): 1/1[39m
[32m[nodemon] restarting due to changes...[39m
[33m[nodemon] src\generated\prisma\models\Organization.ts[39m

[33m[nodemon] files triggering change check: src\generated\prisma\models\OrganizationInvite.ts[39m
[33m[nodemon] matched rule: F:\EMS\backend\src/**/*[39m
[33m[nodemon] changes after filters (before/after): 1/1[39m
[32m[nodemon] restarting due to changes...[39m
[33m[nodemon] src\generated\prisma\models\OrganizationInvite.ts[39m

[33m[nodemon] files triggering change check: src\generated\prisma\models\OrganizationMembership.ts[39m
[33m[nodemon] matched rule: F:\EMS\backend\src/**/*[39m
[33m[nodemon] changes after filters (before/after): 1/1[39m
[32m[nodemon] restarting due to changes...[39m
[33m[nodemon] src\generated\prisma\models\OrganizationMembership.ts[39m

[33m[nodemon] files triggering change check: src\generated\prisma\models\PasswordResetOtp.ts[39m
[33m[nodemon] matched rule: F:\EMS\backend\src/**/*[39m
[33m[nodemon] changes after filters (before/after): 1/1[39m
[32m[nodemon] restarting due to changes...[39m
[33m[nodemon] src\generated\prisma\models\PasswordResetOtp.ts[39m

[33m[nodemon] files triggering change check: src\generated\prisma\models\PendingSignup.ts[39m
[33m[nodemon] matched rule: F:\EMS\backend\src/**/*[39m
[33m[nodemon] changes after filters (before/after): 1/1[39m
[32m[nodemon] restarting due to changes...[39m
[33m[nodemon] src\generated\prisma\models\PendingSignup.ts[39m

[33m[nodemon] files triggering change check: src\generated\prisma\models\PlantDailyReport.ts[39m
[33m[nodemon] matched rule: F:\EMS\backend\src/**/*[39m
[33m[nodemon] changes after filters (before/after): 1/1[39m
[32m[nodemon] restarting due to changes...[39m
[33m[nodemon] src\generated\prisma\models\PlantDailyReport.ts[39m

[33m[nodemon] files triggering change check: src\generated\prisma\models\PlantReportStaff.ts[39m
[33m[nodemon] matched rule: F:\EMS\backend\src/**/*[39m
[33m[nodemon] changes after filters (before/after): 1/1[39m
[32m[nodemon] restarting due to changes...[39m
[33m[nodemon] src\generated\prisma\models\PlantReportStaff.ts[39m

[33m[nodemon] files triggering change check: src\generated\prisma\models\ProcurementAttachment.ts[39m
[33m[nodemon] matched rule: F:\EMS\backend\src/**/*[39m
[33m[nodemon] changes after filters (before/after): 1/1[39m
[32m[nodemon] restarting due to changes...[39m
[33m[nodemon] src\generated\prisma\models\ProcurementAttachment.ts[39m

[33m[nodemon] files triggering change check: src\generated\prisma\models\ProcurementItem.ts[39m
[33m[nodemon] matched rule: F:\EMS\backend\src/**/*[39m
[33m[nodemon] changes after filters (before/after): 1/1[39m
[32m[nodemon] restarting due to changes...[39m
[33m[nodemon] src\generated\prisma\models\ProcurementItem.ts[39m

[33m[nodemon] files triggering change check: src\generated\prisma\models\ProcurementStatusHistory.ts[39m
[33m[nodemon] matched rule: F:\EMS\backend\src/**/*[39m
[33m[nodemon] changes after filters (before/after): 1/1[39m
[32m[nodemon] restarting due to changes...[39m
[33m[nodemon] src\generated\prisma\models\ProcurementStatusHistory.ts[39m

[33m[nodemon] files triggering change check: src\generated\prisma\models\ProformaInvoice.ts[39m
[33m[nodemon] matched rule: F:\EMS\backend\src/**/*[39m
[33m[nodemon] changes after filters (before/after): 1/1[39m
[32m[nodemon] restarting due to changes...[39m
[33m[nodemon] src\generated\prisma\models\ProformaInvoice.ts[39m

[33m[nodemon] files triggering change check: src\generated\prisma\models\ProformaInvoiceItem.ts[39m
[33m[nodemon] matched rule: F:\EMS\backend\src/**/*[39m
[33m[nodemon] changes after filters (before/after): 1/1[39m
[32m[nodemon] restarting due to changes...[39m
[33m[nodemon] src\generated\prisma\models\ProformaInvoiceItem.ts[39m

[33m[nodemon] files triggering change check: src\generated\prisma\models\Project.ts[39m
[33m[nodemon] matched rule: F:\EMS\backend\src/**/*[39m
[33m[nodemon] changes after filters (before/after): 1/1[39m
[32m[nodemon] restarting due to changes...[39m
[33m[nodemon] src\generated\prisma\models\Project.ts[39m

[33m[nodemon] files triggering change check: src\generated\prisma\models\ProjectAssignee.ts[39m
[33m[nodemon] matched rule: F:\EMS\backend\src/**/*[39m
[33m[nodemon] changes after filters (before/after): 1/1[39m
[32m[nodemon] restarting due to changes...[39m
[33m[nodemon] src\generated\prisma\models\ProjectAssignee.ts[39m

[33m[nodemon] files triggering change check: src\generated\prisma\models\ProjectFile.ts[39m
[33m[nodemon] matched rule: F:\EMS\backend\src/**/*[39m
[33m[nodemon] changes after filters (before/after): 1/1[39m
[32m[nodemon] restarting due to changes...[39m
[33m[nodemon] src\generated\prisma\models\ProjectFile.ts[39m

[33m[nodemon] files triggering change check: src\generated\prisma\models\ProjectHeading.ts[39m
[33m[nodemon] matched rule: F:\EMS\backend\src/**/*[39m
[33m[nodemon] changes after filters (before/after): 1/1[39m
[32m[nodemon] restarting due to changes...[39m
[33m[nodemon] src\generated\prisma\models\ProjectHeading.ts[39m

[33m[nodemon] files triggering change check: src\generated\prisma\models\PurchaseOrder.ts[39m
[33m[nodemon] matched rule: F:\EMS\backend\src/**/*[39m
[33m[nodemon] changes after filters (before/after): 1/1[39m
[32m[nodemon] restarting due to changes...[39m
[33m[nodemon] src\generated\prisma\models\PurchaseOrder.ts[39m

[33m[nodemon] files triggering change check: src\generated\prisma\models\PurchaseOrderAttachment.ts[39m
[33m[nodemon] matched rule: F:\EMS\backend\src/**/*[39m
[33m[nodemon] changes after filters (before/after): 1/1[39m
[32m[nodemon] restarting due to changes...[39m
[33m[nodemon] src\generated\prisma\models\PurchaseOrderAttachment.ts[39m

[33m[nodemon] files triggering change check: src\generated\prisma\models\PurchaseOrderItem.ts[39m
[33m[nodemon] matched rule: F:\EMS\backend\src/**/*[39m
[33m[nodemon] changes after filters (before/after): 1/1[39m
[32m[nodemon] restarting due to changes...[39m
[33m[nodemon] src\generated\prisma\models\PurchaseOrderItem.ts[39m

[33m[nodemon] files triggering change check: src\generated\prisma\models\PurchaseOrderStatusHistory.ts[39m
[33m[nodemon] matched rule: F:\EMS\backend\src/**/*[39m
[33m[nodemon] changes after filters (before/after): 1/1[39m
[32m[nodemon] restarting due to changes...[39m
[33m[nodemon] src\generated\prisma\models\PurchaseOrderStatusHistory.ts[39m

[33m[nodemon] files triggering change check: src\generated\prisma\models\PurchaseRequest.ts[39m
[33m[nodemon] matched rule: F:\EMS\backend\src/**/*[39m
[33m[nodemon] changes after filters (before/after): 1/1[39m
[32m[nodemon] restarting due to changes...[39m
[33m[nodemon] src\generated\prisma\models\PurchaseRequest.ts[39m

[33m[nodemon] files triggering change check: src\generated\prisma\models\PurchaseRequestAttachment.ts[39m
[33m[nodemon] matched rule: F:\EMS\backend\src/**/*[39m
[33m[nodemon] changes after filters (before/after): 1/1[39m
[32m[nodemon] restarting due to changes...[39m
[33m[nodemon] src\generated\prisma\models\PurchaseRequestAttachment.ts[39m

[33m[nodemon] files triggering change check: src\generated\prisma\models\PurchaseRequestItem.ts[39m
[33m[nodemon] matched rule: F:\EMS\backend\src/**/*[39m
[33m[nodemon] changes after filters (before/after): 1/1[39m
[32m[nodemon] restarting due to changes...[39m
[33m[nodemon] src\generated\prisma\models\PurchaseRequestItem.ts[39m

[33m[nodemon] files triggering change check: src\generated\prisma\models\PurchaseRequestStatusHistory.ts[39m
[33m[nodemon] matched rule: F:\EMS\backend\src/**/*[39m
[33m[nodemon] changes after filters (before/after): 1/1[39m
[32m[nodemon] restarting due to changes...[39m
[33m[nodemon] src\generated\prisma\models\PurchaseRequestStatusHistory.ts[39m

[33m[nodemon] files triggering change check: src\generated\prisma\models\ReportActivity.ts[39m
[33m[nodemon] matched rule: F:\EMS\backend\src/**/*[39m
[33m[nodemon] changes after filters (before/after): 1/1[39m
[32m[nodemon] restarting due to changes...[39m
[33m[nodemon] src\generated\prisma\models\ReportActivity.ts[39m

[33m[nodemon] files triggering change check: src\generated\prisma\models\ReportComment.ts[39m
[33m[nodemon] matched rule: F:\EMS\backend\src/**/*[39m
[33m[nodemon] changes after filters (before/after): 1/1[39m
[32m[nodemon] restarting due to changes...[39m
[33m[nodemon] src\generated\prisma\models\ReportComment.ts[39m

[33m[nodemon] files triggering change check: src\generated\prisma\models\RolePermission.ts[39m
[33m[nodemon] matched rule: F:\EMS\backend\src/**/*[39m
[33m[nodemon] changes after filters (before/after): 1/1[39m
[32m[nodemon] restarting due to changes...[39m
[33m[nodemon] src\generated\prisma\models\RolePermission.ts[39m

[33m[nodemon] files triggering change check: src\generated\prisma\models\ScheduleTask.ts[39m
[33m[nodemon] matched rule: F:\EMS\backend\src/**/*[39m
[33m[nodemon] changes after filters (before/after): 1/1[39m
[32m[nodemon] restarting due to changes...[39m
[33m[nodemon] src\generated\prisma\models\ScheduleTask.ts[39m

[33m[nodemon] files triggering change check: src\generated\prisma\models\ScheduleTaskLink.ts[39m
[33m[nodemon] matched rule: F:\EMS\backend\src/**/*[39m
[33m[nodemon] changes after filters (before/after): 1/1[39m
[32m[nodemon] restarting due to changes...[39m
[33m[nodemon] src\generated\prisma\models\ScheduleTaskLink.ts[39m

[33m[nodemon] files triggering change check: src\generated\prisma\models\Shipment.ts[39m
[33m[nodemon] matched rule: F:\EMS\backend\src/**/*[39m
[33m[nodemon] changes after filters (before/after): 1/1[39m
[32m[nodemon] restarting due to changes...[39m
[33m[nodemon] src\generated\prisma\models\Shipment.ts[39m

[33m[nodemon] files triggering change check: src\generated\prisma\models\SiteVisitRequest.ts[39m
[33m[nodemon] matched rule: F:\EMS\backend\src/**/*[39m
[33m[nodemon] changes after filters (before/after): 1/1[39m
[32m[nodemon] restarting due to changes...[39m
[33m[nodemon] src\generated\prisma\models\SiteVisitRequest.ts[39m

[33m[nodemon] files triggering change check: src\generated\prisma\models\StockTransfer.ts[39m
[33m[nodemon] matched rule: F:\EMS\backend\src/**/*[39m
[33m[nodemon] changes after filters (before/after): 1/1[39m
[32m[nodemon] restarting due to changes...[39m
[33m[nodemon] src\generated\prisma\models\StockTransfer.ts[39m

[33m[nodemon] files triggering change check: src\generated\prisma\models\SubTask.ts[39m
[33m[nodemon] matched rule: F:\EMS\backend\src/**/*[39m
[33m[nodemon] changes after filters (before/after): 1/1[39m
[32m[nodemon] restarting due to changes...[39m
[33m[nodemon] src\generated\prisma\models\SubTask.ts[39m

[33m[nodemon] files triggering change check: src\generated\prisma\models\SubTaskComment.ts[39m
[33m[nodemon] matched rule: F:\EMS\backend\src/**/*[39m
[33m[nodemon] changes after filters (before/after): 1/1[39m
[32m[nodemon] restarting due to changes...[39m
[33m[nodemon] src\generated\prisma\models\SubTaskComment.ts[39m

[33m[nodemon] files triggering change check: src\generated\prisma\models\Task.ts[39m
[33m[nodemon] matched rule: F:\EMS\backend\src/**/*[39m
[33m[nodemon] changes after filters (before/after): 1/1[39m
[32m[nodemon] restarting due to changes...[39m
[33m[nodemon] src\generated\prisma\models\Task.ts[39m

[33m[nodemon] files triggering change check: src\generated\prisma\models\TaskAssignee.ts[39m
[33m[nodemon] matched rule: F:\EMS\backend\src/**/*[39m
[33m[nodemon] changes after filters (before/after): 1/1[39m
[32m[nodemon] restarting due to changes...[39m
[33m[nodemon] src\generated\prisma\models\TaskAssignee.ts[39m

[33m[nodemon] files triggering change check: src\generated\prisma\models\TaskComment.ts[39m
[33m[nodemon] matched rule: F:\EMS\backend\src/**/*[39m
[33m[nodemon] changes after filters (before/after): 1/1[39m
[32m[nodemon] restarting due to changes...[39m
[33m[nodemon] src\generated\prisma\models\TaskComment.ts[39m

[33m[nodemon] files triggering change check: src\generated\prisma\models\TaskLink.ts[39m
[33m[nodemon] matched rule: F:\EMS\backend\src/**/*[39m
[33m[nodemon] changes after filters (before/after): 1/1[39m
[32m[nodemon] restarting due to changes...[39m
[33m[nodemon] src\generated\prisma\models\TaskLink.ts[39m

[33m[nodemon] files triggering change check: src\generated\prisma\models\User.ts[39m
[33m[nodemon] matched rule: F:\EMS\backend\src/**/*[39m
[33m[nodemon] changes after filters (before/after): 1/1[39m
[32m[nodemon] restarting due to changes...[39m
[33m[nodemon] src\generated\prisma\models\User.ts[39m

[33m[nodemon] files triggering change check: src\generated\prisma\models\Vendor.ts[39m
[33m[nodemon] matched rule: F:\EMS\backend\src/**/*[39m
[33m[nodemon] changes after filters (before/after): 1/1[39m
[32m[nodemon] restarting due to changes...[39m
[33m[nodemon] src\generated\prisma\models\Vendor.ts[39m

[33m[nodemon] files triggering change check: src\generated\prisma\models\VendorQuote.ts[39m
[33m[nodemon] matched rule: F:\EMS\backend\src/**/*[39m
[33m[nodemon] changes after filters (before/after): 1/1[39m
[32m[nodemon] restarting due to changes...[39m
[33m[nodemon] src\generated\prisma\models\VendorQuote.ts[39m

[33m[nodemon] files triggering change check: src\generated\prisma\models\Warehouse.ts[39m
[33m[nodemon] matched rule: F:\EMS\backend\src/**/*[39m
[33m[nodemon] changes after filters (before/after): 1/1[39m
[32m[nodemon] restarting due to changes...[39m
[33m[nodemon] src\generated\prisma\models\Warehouse.ts[39m

[33m[nodemon] files triggering change check: src\controllers\ProjectFileController.ts[39m
[33m[nodemon] matched rule: F:\EMS\backend\src/**/*[39m
[33m[nodemon] changes after filters (before/after): 1/1[39m
[32m[nodemon] restarting due to changes...[39m
[33m[nodemon] src\controllers\ProjectFileController.ts[39m

[32m[nodemon] starting `ts-node src/index.ts`[39m
[33m[nodemon] spawning[39m
[33m[nodemon] child pid: 27360[39m
RESEND_API_KEY present? true
RESEND_FROM_EMAIL: no-reply@usolarje.com.np
Data Source has been initialized!
prisma:query SELECT "public"."user"."id", "public"."user"."fullName", "public"."user"."email", "public"."user"."password", "public"."user"."phoneNumber", "public"."user"."address", "public"."user"."jobPosition", "public"."user"."joinDate", "public"."user"."createdAt", "public"."user"."homeWorkspaceId", "public"."user"."lastWorkspaceId", "public"."user"."tokenVersion" FROM "public"."user" WHERE ("public"."user"."email" = $1 AND 1=1) LIMIT $2 OFFSET $3
prisma:query SELECT "public"."workspace"."id", "public"."workspace"."name", "public"."workspace"."description", "public"."workspace"."createdAt", "public"."workspace"."address", "public"."workspace"."contact", "public"."workspace"."email", "public"."workspace"."website" FROM "public"."workspace" WHERE "public"."workspace"."name" = $1 LIMIT $2 OFFSET $3
prisma:query SELECT "public"."workspace_membership"."id", "public"."workspace_membership"."role", "public"."workspace_membership"."createdAt", "public"."workspace_membership"."userId", "public"."workspace_membership"."workspaceId" FROM "public"."workspace_membership" WHERE ("public"."workspace_membership"."userId" = $1 AND "public"."workspace_membership"."workspaceId" = $2) LIMIT $3 OFFSET $4
prisma:query SELECT "public"."user"."id", "public"."user"."fullName", "public"."user"."email", "public"."user"."password", "public"."user"."phoneNumber", "public"."user"."address", "public"."user"."jobPosition", "public"."user"."joinDate", "public"."user"."createdAt", "public"."user"."homeWorkspaceId", "public"."user"."lastWorkspaceId", "public"."user"."tokenVersion" FROM "public"."user" WHERE ("public"."user"."email" = $1 AND 1=1) LIMIT $2 OFFSET $3
prisma:query SELECT "public"."workspace"."id", "public"."workspace"."name", "public"."workspace"."description", "public"."workspace"."createdAt", "public"."workspace"."address", "public"."workspace"."contact", "public"."workspace"."email", "public"."workspace"."website" FROM "public"."workspace" WHERE "public"."workspace"."name" = $1 LIMIT $2 OFFSET $3
prisma:query SELECT "public"."workspace_membership"."id", "public"."workspace_membership"."role", "public"."workspace_membership"."createdAt", "public"."workspace_membership"."userId", "public"."workspace_membership"."workspaceId" FROM "public"."workspace_membership" WHERE ("public"."workspace_membership"."userId" = $1 AND "public"."workspace_membership"."workspaceId" = $2) LIMIT $3 OFFSET $4
Starting organization backfill...
prisma:query SELECT "public"."workspace"."id", "public"."workspace"."name", "public"."workspace"."description", "public"."workspace"."createdAt", "public"."workspace"."address", "public"."workspace"."contact", "public"."workspace"."email", "public"."workspace"."website" FROM "public"."workspace" WHERE "public"."workspace"."name" = $1 LIMIT $2 OFFSET $3
Found existing EMS Workspace
prisma:query SELECT "public"."user"."id", "public"."user"."fullName", "public"."user"."email", "public"."user"."password", "public"."user"."phoneNumber", "public"."user"."address", "public"."user"."jobPosition", "public"."user"."joinDate", "public"."user"."createdAt", "public"."user"."homeWorkspaceId", "public"."user"."lastWorkspaceId", "public"."user"."tokenVersion" FROM "public"."user" WHERE 1=1 OFFSET $1
prisma:query SELECT "public"."workspace_membership"."id", "public"."workspace_membership"."role", "public"."workspace_membership"."createdAt", "public"."workspace_membership"."userId", "public"."workspace_membership"."workspaceId" FROM "public"."workspace_membership" WHERE "public"."workspace_membership"."workspaceId" = $1 OFFSET $2
Added 0 users to organization
prisma:query UPDATE "public"."project" SET "workspaceId" = $1 WHERE "public"."project"."workspaceId" IS NULL
prisma:query COMMIT
Backfilled 0 projects
prisma:query UPDATE "public"."task" SET "workspaceId" = $1 WHERE "public"."task"."workspaceId" IS NULL
prisma:query COMMIT
Backfilled 0 tasks
prisma:query UPDATE "public"."project_heading" SET "workspaceId" = $1 WHERE "public"."project_heading"."workspaceId" IS NULL
prisma:query COMMIT
Backfilled 0 project headings
prisma:query UPDATE "public"."project_file" SET "workspaceId" = $1 WHERE "public"."project_file"."workspaceId" IS NULL
prisma:query COMMIT
Backfilled 0 project files
prisma:query UPDATE "public"."announcement" SET "workspaceId" = $1 WHERE "public"."announcement"."workspaceId" IS NULL
prisma:query COMMIT
Backfilled 0 announcements
prisma:query UPDATE "public"."leave_request" SET "workspaceId" = $1 WHERE "public"."leave_request"."workspaceId" IS NULL
prisma:query COMMIT
Backfilled 0 leave requests
prisma:query UPDATE "public"."my_task" SET "workspaceId" = $1 WHERE "public"."my_task"."workspaceId" IS NULL
prisma:query COMMIT
Backfilled 0 my tasks
prisma:query UPDATE "public"."calendar_event" SET "workspaceId" = $1 WHERE "public"."calendar_event"."workspaceId" IS NULL
prisma:query COMMIT
Backfilled 0 calendar events
Organization backfill completed successfully! ✨
prisma:query SELECT "public"."role_permission"."id", "public"."role_permission"."role", "public"."role_permission"."permissionKey", "public"."role_permission"."granted", "public"."role_permission"."createdAt" FROM "public"."role_permission" WHERE 1=1 OFFSET $1
prisma:query DELETE FROM "public"."announcement" WHERE "public"."announcement"."createdAt" < $1
prisma:query DELETE FROM "public"."leave_request" WHERE ("public"."leave_request"."status" IN (CAST($1::text AS "public"."leave_request_status_enum"),CAST($2::text AS "public"."leave_request_status_enum")) AND "public"."leave_request"."approvedAt" < $3)
prisma:query DELETE FROM "public"."site_visit_request" WHERE ("public"."site_visit_request"."status" IN (CAST($1::text AS "public"."site_visit_request_status_enum"),CAST($2::text AS "public"."site_visit_request_status_enum")) AND "public"."site_visit_request"."approvedAt" < $3)
prisma:query DELETE FROM "public"."expense_request" WHERE ("public"."expense_request"."status" IN (CAST($1::text AS "public"."expense_request_status_enum"),CAST($2::text AS "public"."expense_request_status_enum")) AND "public"."expense_request"."approvedAt" < $3)
Server is running on http://localhost:3000
prisma:query SELECT "public"."user"."id", "public"."user"."fullName", "public"."user"."email", "public"."user"."password", "public"."user"."phoneNumber", "public"."user"."address", "public"."user"."jobPosition", "public"."user"."joinDate", "public"."user"."createdAt", "public"."user"."homeWorkspaceId", "public"."user"."lastWorkspaceId", "public"."user"."tokenVersion" FROM "public"."user" WHERE ("public"."user"."id" = $1 AND 1=1) LIMIT $2 OFFSET $3
[REQUEST] GET /api/notifications
prisma:query SELECT "public"."user"."id", "public"."user"."fullName", "public"."user"."email", "public"."user"."password", "public"."user"."phoneNumber", "public"."user"."address", "public"."user"."jobPosition", "public"."user"."joinDate", "public"."user"."createdAt", "public"."user"."homeWorkspaceId", "public"."user"."lastWorkspaceId", "public"."user"."tokenVersion" FROM "public"."user" WHERE ("public"."user"."id" = $1 AND 1=1) LIMIT $2 OFFSET $3
prisma:query SELECT "public"."workspace_membership"."id", "public"."workspace_membership"."role", "public"."workspace_membership"."createdAt", "public"."workspace_membership"."userId", "public"."workspace_membership"."workspaceId" FROM "public"."workspace_membership" WHERE "public"."workspace_membership"."userId" = $1 OFFSET $2
prisma:query SELECT "public"."workspace"."id", "public"."workspace"."name", "public"."workspace"."description", "public"."workspace"."createdAt", "public"."workspace"."address", "public"."workspace"."contact", "public"."workspace"."email", "public"."workspace"."website" FROM "public"."workspace" WHERE "public"."workspace"."id" IN ($1,$2,$3,$4,$5,$6,$7,$8,$9,$10) OFFSET $11
prisma:query SELECT "public"."notification"."id", "public"."notification"."type", "public"."notification"."title", "public"."notification"."message", "public"."notification"."link", "public"."notification"."isRead", "public"."notification"."createdAt", "public"."notification"."userId", "public"."notification"."organizationId" FROM "public"."notification" WHERE ("public"."notification"."userId" = $1 AND "public"."notification"."organizationId" = $2) ORDER BY "public"."notification"."createdAt" DESC LIMIT $3 OFFSET $4
[REQUEST] GET /api/projects/files/7/view
prisma:query SELECT "public"."user"."id", "public"."user"."fullName", "public"."user"."email", "public"."user"."password", "public"."user"."phoneNumber", "public"."user"."address", "public"."user"."jobPosition", "public"."user"."joinDate", "public"."user"."createdAt", "public"."user"."homeWorkspaceId", "public"."user"."lastWorkspaceId", "public"."user"."tokenVersion" FROM "public"."user" WHERE ("public"."user"."id" = $1 AND 1=1) LIMIT $2 OFFSET $3
prisma:query SELECT "public"."workspace_membership"."id", "public"."workspace_membership"."role", "public"."workspace_membership"."createdAt", "public"."workspace_membership"."userId", "public"."workspace_membership"."workspaceId" FROM "public"."workspace_membership" WHERE "public"."workspace_membership"."userId" = $1 OFFSET $2
prisma:query SELECT "public"."workspace"."id", "public"."workspace"."name", "public"."workspace"."description", "public"."workspace"."createdAt", "public"."workspace"."address", "public"."workspace"."contact", "public"."workspace"."email", "public"."workspace"."website" FROM "public"."workspace" WHERE "public"."workspace"."id" IN ($1,$2,$3,$4,$5,$6,$7,$8,$9,$10) OFFSET $11
prisma:query SELECT "public"."project_file"."id", "public"."project_file"."name", "public"."project_file"."isFolder", "public"."project_file"."type", "public"."project_file"."parentId", "public"."project_file"."createdAt", "public"."project_file"."projectId", "public"."project_file"."workspaceId", "public"."project_file"."size", "public"."project_file"."path", "public"."project_file"."version", "public"."project_file"."uploadedById" FROM "public"."project_file" WHERE "public"."project_file"."id" = $1 LIMIT $2 OFFSET $3
[31m[nodemon] app crashed - waiting for file changes before starting...[39m
orkspace"."id" IN ($1,$2,$3,$4,$5,$6,$7,$8,$9,$10) OFFSET $11
prisma:query SELECT "public"."notification"."id", "public"."notification"."type", "public"."notification"."title", "public"."notification"."message", "public"."notification"."link", "public"."notification"."isRead", "public"."notification"."createdAt", "public"."notification"."userId", "public"."notification"."organizationId" FROM "public"."notification" WHERE ("public"."notification"."userId" = $1 AND "public"."notification"."organizationId" = $2) ORDER BY "public"."notification"."createdAt" DESC LIMIT $3 OFFSET $4
[33m[nodemon] files triggering change check: src\generated\prisma\commonInputTypes.ts[39m
[33m[nodemon] matched rule: F:\EMS\backend\src/**/*[39m
[33m[nodemon] changes after filters (before/after): 1/1[39m
[32m[nodemon] restarting due to changes...[39m
[33m[nodemon] src\generated\prisma\commonInputTypes.ts[39m

[REQUEST] GET /api/notifications
[33m[nodemon] files triggering change check: src\generated\prisma\models\Activity.ts[39m
[33m[nodemon] matched rule: F:\EMS\backend\src/**/*[39m
[33m[nodemon] changes after filters (before/after): 1/1[39m
[32m[nodemon] restarting due to changes...[39m
[33m[nodemon] src\generated\prisma\models\Activity.ts[39m

[33m[nodemon] files triggering change check: src\generated\prisma\internal\class.ts[39m
[33m[nodemon] matched rule: F:\EMS\backend\src/**/*[39m
[33m[nodemon] changes after filters (before/after): 1/1[39m
[32m[nodemon] restarting due to changes...[39m
[33m[nodemon] src\generated\prisma\internal\class.ts[39m

[33m[nodemon] files triggering change check: src\generated\prisma\browser.ts[39m
[33m[nodemon] matched rule: F:\EMS\backend\src/**/*[39m
[33m[nodemon] changes after filters (before/after): 1/1[39m
[32m[nodemon] restarting due to changes...[39m
[33m[nodemon] src\generated\prisma\browser.ts[39m

[33m[nodemon] files triggering change check: src\generated\prisma\commonInputTypes.ts[39m
[33m[nodemon] matched rule: F:\EMS\backend\src/**/*[39m
[33m[nodemon] changes after filters (before/after): 1/1[39m
[32m[nodemon] restarting due to changes...[39m
[33m[nodemon] src\generated\prisma\commonInputTypes.ts[39m

[33m[nodemon] files triggering change check: src\generated\prisma\enums.ts[39m
[33m[nodemon] matched rule: F:\EMS\backend\src/**/*[39m
[33m[nodemon] changes after filters (before/after): 1/1[39m
[32m[nodemon] restarting due to changes...[39m
[33m[nodemon] src\generated\prisma\enums.ts[39m

[33m[nodemon] files triggering change check: src\generated\prisma\client.ts[39m
[33m[nodemon] matched rule: F:\EMS\backend\src/**/*[39m
[33m[nodemon] changes after filters (before/after): 1/1[39m
[32m[nodemon] restarting due to changes...[39m
[33m[nodemon] src\generated\prisma\client.ts[39m

[33m[nodemon] files triggering change check: src\generated\prisma\models.ts[39m
[33m[nodemon] matched rule: F:\EMS\backend\src/**/*[39m
[33m[nodemon] changes after filters (before/after): 1/1[39m
[32m[nodemon] restarting due to changes...[39m
[33m[nodemon] src\generated\prisma\models.ts[39m

[33m[nodemon] files triggering change check: src\controllers\ProjectFileController.ts[39m
[33m[nodemon] matched rule: F:\EMS\backend\src/**/*[39m
[33m[nodemon] changes after filters (before/after): 1/1[39m
[32m[nodemon] restarting due to changes...[39m
[33m[nodemon] src\controllers\ProjectFileController.ts[39m

[32m[nodemon] starting `ts-node src/index.ts`[39m
[33m[nodemon] spawning[39m
[33m[nodemon] child pid: 24424[39m
RESEND_API_KEY present? true
RESEND_FROM_EMAIL: no-reply@usolarje.com.np
Data Source has been initialized!
prisma:query SELECT "public"."user"."id", "public"."user"."fullName", "public"."user"."email", "public"."user"."password", "public"."user"."phoneNumber", "public"."user"."address", "public"."user"."jobPosition", "public"."user"."joinDate", "public"."user"."createdAt", "public"."user"."homeWorkspaceId", "public"."user"."lastWorkspaceId", "public"."user"."tokenVersion" FROM "public"."user" WHERE ("public"."user"."email" = $1 AND 1=1) LIMIT $2 OFFSET $3
prisma:query SELECT "public"."workspace"."id", "public"."workspace"."name", "public"."workspace"."description", "public"."workspace"."createdAt", "public"."workspace"."address", "public"."workspace"."contact", "public"."workspace"."email", "public"."workspace"."website" FROM "public"."workspace" WHERE "public"."workspace"."name" = $1 LIMIT $2 OFFSET $3
prisma:query SELECT "public"."workspace_membership"."id", "public"."workspace_membership"."role", "public"."workspace_membership"."createdAt", "public"."workspace_membership"."userId", "public"."workspace_membership"."workspaceId" FROM "public"."workspace_membership" WHERE ("public"."workspace_membership"."userId" = $1 AND "public"."workspace_membership"."workspaceId" = $2) LIMIT $3 OFFSET $4
prisma:query SELECT "public"."user"."id", "public"."user"."fullName", "public"."user"."email", "public"."user"."password", "public"."user"."phoneNumber", "public"."user"."address", "public"."user"."jobPosition", "public"."user"."joinDate", "public"."user"."createdAt", "public"."user"."homeWorkspaceId", "public"."user"."lastWorkspaceId", "public"."user"."tokenVersion" FROM "public"."user" WHERE ("public"."user"."email" = $1 AND 1=1) LIMIT $2 OFFSET $3
prisma:query SELECT "public"."workspace"."id", "public"."workspace"."name", "public"."workspace"."description", "public"."workspace"."createdAt", "public"."workspace"."address", "public"."workspace"."contact", "public"."workspace"."email", "public"."workspace"."website" FROM "public"."workspace" WHERE "public"."workspace"."name" = $1 LIMIT $2 OFFSET $3
prisma:query SELECT "public"."workspace_membership"."id", "public"."workspace_membership"."role", "public"."workspace_membership"."createdAt", "public"."workspace_membership"."userId", "public"."workspace_membership"."workspaceId" FROM "public"."workspace_membership" WHERE ("public"."workspace_membership"."userId" = $1 AND "public"."workspace_membership"."workspaceId" = $2) LIMIT $3 OFFSET $4
Starting organization backfill...
prisma:query SELECT "public"."workspace"."id", "public"."workspace"."name", "public"."workspace"."description", "public"."workspace"."createdAt", "public"."workspace"."address", "public"."workspace"."contact", "public"."workspace"."email", "public"."workspace"."website" FROM "public"."workspace" WHERE "public"."workspace"."name" = $1 LIMIT $2 OFFSET $3
Found existing EMS Workspace
prisma:query SELECT "public"."user"."id", "public"."user"."fullName", "public"."user"."email", "public"."user"."password", "public"."user"."phoneNumber", "public"."user"."address", "public"."user"."jobPosition", "public"."user"."joinDate", "public"."user"."createdAt", "public"."user"."homeWorkspaceId", "public"."user"."lastWorkspaceId", "public"."user"."tokenVersion" FROM "public"."user" WHERE 1=1 OFFSET $1
prisma:query SELECT "public"."workspace_membership"."id", "public"."workspace_membership"."role", "public"."workspace_membership"."createdAt", "public"."workspace_membership"."userId", "public"."workspace_membership"."workspaceId" FROM "public"."workspace_membership" WHERE "public"."workspace_membership"."workspaceId" = $1 OFFSET $2
Added 0 users to organization
prisma:query UPDATE "public"."project" SET "workspaceId" = $1 WHERE "public"."project"."workspaceId" IS NULL
prisma:query COMMIT
Backfilled 0 projects
prisma:query UPDATE "public"."task" SET "workspaceId" = $1 WHERE "public"."task"."workspaceId" IS NULL
prisma:query COMMIT
Backfilled 0 tasks
prisma:query UPDATE "public"."project_heading" SET "workspaceId" = $1 WHERE "public"."project_heading"."workspaceId" IS NULL
prisma:query COMMIT
Backfilled 0 project headings
prisma:query UPDATE "public"."project_file" SET "workspaceId" = $1 WHERE "public"."project_file"."workspaceId" IS NULL
prisma:query COMMIT
Backfilled 0 project files
prisma:query UPDATE "public"."announcement" SET "workspaceId" = $1 WHERE "public"."announcement"."workspaceId" IS NULL
prisma:query COMMIT
Backfilled 0 announcements
prisma:query UPDATE "public"."leave_request" SET "workspaceId" = $1 WHERE "public"."leave_request"."workspaceId" IS NULL
prisma:query COMMIT
Backfilled 0 leave requests
prisma:query UPDATE "public"."my_task" SET "workspaceId" = $1 WHERE "public"."my_task"."workspaceId" IS NULL
prisma:query COMMIT
Backfilled 0 my tasks
prisma:query UPDATE "public"."calendar_event" SET "workspaceId" = $1 WHERE "public"."calendar_event"."workspaceId" IS NULL
prisma:query COMMIT
Backfilled 0 calendar events
Organization backfill completed successfully! ✨
prisma:query SELECT "public"."role_permission"."id", "public"."role_permission"."role", "public"."role_permission"."permissionKey", "public"."role_permission"."granted", "public"."role_permission"."createdAt" FROM "public"."role_permission" WHERE 1=1 OFFSET $1
prisma:query DELETE FROM "public"."announcement" WHERE "public"."announcement"."createdAt" < $1
prisma:query DELETE FROM "public"."leave_request" WHERE ("public"."leave_request"."status" IN (CAST($1::text AS "public"."leave_request_status_enum"),CAST($2::text AS "public"."leave_request_status_enum")) AND "public"."leave_request"."approvedAt" < $3)
prisma:query DELETE FROM "public"."site_visit_request" WHERE ("public"."site_visit_request"."status" IN (CAST($1::text AS "public"."site_visit_request_status_enum"),CAST($2::text AS "public"."site_visit_request_status_enum")) AND "public"."site_visit_request"."approvedAt" < $3)
prisma:query DELETE FROM "public"."expense_request" WHERE ("public"."expense_request"."status" IN (CAST($1::text AS "public"."expense_request_status_enum"),CAST($2::text AS "public"."expense_request_status_enum")) AND "public"."expense_request"."approvedAt" < $3)
Uncaught Exception: Error: listen EADDRINUSE: address already in use :::3000
    at Server.setupListenHandle [as _listen2] (node:net:2008:16)
    at listenInCluster (node:net:2065:12)
    at Server.listen (node:net:2170:7)
    at F:\EMS\backend\src\index.ts:279:16
    at processTicksAndRejections (node:internal/process/task_queues:104:5) {
  code: 'EADDRINUSE',
  errno: -4091,
  syscall: 'listen',
  address: '::',
  port: 3000
}
[31m[nodemon] app crashed - waiting for file changes before starting...[39m
